// Jest Snapshot v1, https://goo.gl/fbAQLP

exports[`StringParameter Should create and import parameter 1`] = `
Object {
  "Parameters": Object {
    "BootstrapVersion": Object {
      "Default": "/cdk-bootstrap/hnb659fds/version",
      "Description": "Version of the CDK Bootstrap resources in this environment, automatically retrieved from SSM Parameter Store. [cdk:skip]",
      "Type": "AWS::SSM::Parameter::Value<String>",
    },
  },
  "Resources": Object {
    "AWS679f53fac002430cb0da5b7982bd22872D164C4C": Object {
      "DependsOn": Array [
        "AWS679f53fac002430cb0da5b7982bd2287ServiceRoleC1EA0FF2",
      ],
      "Properties": Object {
        "Code": Object {
          "S3Bucket": Object {
            "Fn::Sub": "cdk-hnb659fds-assets-\${AWS::AccountId}-\${AWS::Region}",
          },
          "S3Key": "11d371859e49f3b1a49896583254890801a40beada56e4c84409a179a221e2e2.zip",
        },
        "Handler": "index.handler",
        "Role": Object {
          "Fn::GetAtt": Array [
            "AWS679f53fac002430cb0da5b7982bd2287ServiceRoleC1EA0FF2",
            "Arn",
          ],
        },
        "Runtime": "nodejs12.x",
        "Timeout": 120,
      },
      "Type": "AWS::Lambda::Function",
    },
    "AWS679f53fac002430cb0da5b7982bd2287ServiceRoleC1EA0FF2": Object {
      "Properties": Object {
        "AssumeRolePolicyDocument": Object {
          "Statement": Array [
            Object {
              "Action": "sts:AssumeRole",
              "Effect": "Allow",
              "Principal": Object {
                "Service": "lambda.amazonaws.com",
              },
            },
          ],
          "Version": "2012-10-17",
        },
        "ManagedPolicyArns": Array [
          Object {
            "Fn::Join": Array [
              "",
              Array [
                "arn:",
                Object {
                  "Ref": "AWS::Partition",
                },
                ":iam::aws:policy/service-role/AWSLambdaBasicExecutionRole",
              ],
            ],
          },
        ],
      },
      "Type": "AWS::IAM::Role",
    },
    "GetByArnCustomResourcePolicy3524B48B": Object {
      "DependsOn": Array [
        "PutParameterCustomResourcePolicy3B520E2B",
        "PutParameter9BA39D58",
      ],
      "Properties": Object {
        "PolicyDocument": Object {
          "Statement": Array [
            Object {
              "Action": "ssm:GetParameter",
              "Effect": "Allow",
              "Resource": "*",
            },
          ],
          "Version": "2012-10-17",
        },
        "PolicyName": "GetByArnCustomResourcePolicy3524B48B",
        "Roles": Array [
          Object {
            "Ref": "AWS679f53fac002430cb0da5b7982bd2287ServiceRoleC1EA0FF2",
          },
        ],
      },
      "Type": "AWS::IAM::Policy",
    },
    "GetByArnD4C43426": Object {
      "DeletionPolicy": "Delete",
      "DependsOn": Array [
        "GetByArnCustomResourcePolicy3524B48B",
        "PutParameterCustomResourcePolicy3B520E2B",
        "PutParameter9BA39D58",
      ],
      "Properties": Object {
        "Create": "{\\"region\\":\\"eu-central-1\\",\\"service\\":\\"SSM\\",\\"action\\":\\"getParameter\\",\\"parameters\\":{\\"Name\\":\\"arn:aws:ssm:eu-central-1:123456789012:parameter/path/name/integ/test\\"},\\"physicalResourceId\\":{\\"id\\":\\"arn:aws:ssm:eu-central-1:123456789012:parameter/path/name/integ/test\\"}}",
        "InstallLatestAwsSdk": true,
        "ServiceToken": Object {
          "Fn::GetAtt": Array [
            "AWS679f53fac002430cb0da5b7982bd22872D164C4C",
            "Arn",
          ],
        },
        "Update": "{\\"region\\":\\"eu-central-1\\",\\"service\\":\\"SSM\\",\\"action\\":\\"getParameter\\",\\"parameters\\":{\\"Name\\":\\"arn:aws:ssm:eu-central-1:123456789012:parameter/path/name/integ/test\\"},\\"physicalResourceId\\":{\\"id\\":\\"arn:aws:ssm:eu-central-1:123456789012:parameter/path/name/integ/test\\"}}",
      },
      "Type": "Custom::SSM_String_Parameter_Cross_Region",
      "UpdateReplacePolicy": "Delete",
    },
    "GetParameterCustomResourcePolicyDE2625D5": Object {
      "DependsOn": Array [
        "PutParameterCustomResourcePolicy3B520E2B",
        "PutParameter9BA39D58",
      ],
      "Properties": Object {
        "PolicyDocument": Object {
          "Statement": Array [
            Object {
              "Action": "ssm:GetParameter",
              "Effect": "Allow",
              "Resource": "*",
            },
          ],
          "Version": "2012-10-17",
        },
        "PolicyName": "GetParameterCustomResourcePolicyDE2625D5",
        "Roles": Array [
          Object {
            "Ref": "AWS679f53fac002430cb0da5b7982bd2287ServiceRoleC1EA0FF2",
          },
        ],
      },
      "Type": "AWS::IAM::Policy",
    },
    "GetParameterFEF96F3D": Object {
      "DeletionPolicy": "Delete",
      "DependsOn": Array [
        "GetParameterCustomResourcePolicyDE2625D5",
        "PutParameterCustomResourcePolicy3B520E2B",
        "PutParameter9BA39D58",
      ],
      "Properties": Object {
        "Create": Object {
          "Fn::Join": Array [
            "",
            Array [
              "{\\"region\\":\\"eu-central-1\\",\\"service\\":\\"SSM\\",\\"action\\":\\"getParameter\\",\\"parameters\\":{\\"Name\\":\\"/path/name/integ/test\\"},\\"physicalResourceId\\":{\\"id\\":\\"arn:",
              Object {
                "Ref": "AWS::Partition",
              },
              ":ssm:eu-central-1:",
              Object {
                "Ref": "AWS::AccountId",
              },
              ":parameter/path/name/integ/test\\"}}",
            ],
          ],
        },
        "InstallLatestAwsSdk": true,
        "ServiceToken": Object {
          "Fn::GetAtt": Array [
            "AWS679f53fac002430cb0da5b7982bd22872D164C4C",
            "Arn",
          ],
        },
        "Update": Object {
          "Fn::Join": Array [
            "",
            Array [
              "{\\"region\\":\\"eu-central-1\\",\\"service\\":\\"SSM\\",\\"action\\":\\"getParameter\\",\\"parameters\\":{\\"Name\\":\\"/path/name/integ/test\\"},\\"physicalResourceId\\":{\\"id\\":\\"arn:",
              Object {
                "Ref": "AWS::Partition",
              },
              ":ssm:eu-central-1:",
              Object {
                "Ref": "AWS::AccountId",
              },
              ":parameter/path/name/integ/test\\"}}",
            ],
          ],
        },
      },
      "Type": "Custom::SSM_String_Parameter_Cross_Region",
      "UpdateReplacePolicy": "Delete",
    },
    "PutParameter9BA39D58": Object {
      "DeletionPolicy": "Delete",
      "DependsOn": Array [
        "PutParameterCustomResourcePolicy3B520E2B",
      ],
      "Properties": Object {
        "Create": Object {
          "Fn::Join": Array [
            "",
            Array [
              "{\\"region\\":\\"eu-central-1\\",\\"service\\":\\"SSM\\",\\"action\\":\\"putParameter\\",\\"parameters\\":{\\"Name\\":\\"/path/name/integ/test\\",\\"Value\\":\\"Say hello from another region\\",\\"Type\\":\\"String\\"},\\"physicalResourceId\\":{\\"id\\":\\"arn:",
              Object {
                "Ref": "AWS::Partition",
              },
              ":ssm:eu-central-1:",
              Object {
                "Ref": "AWS::AccountId",
              },
              ":parameter/path/name/integ/test\\"}}",
            ],
          ],
        },
        "Delete": Object {
          "Fn::Join": Array [
            "",
            Array [
              "{\\"region\\":\\"eu-central-1\\",\\"service\\":\\"SSM\\",\\"action\\":\\"deleteParameter\\",\\"parameters\\":{\\"Name\\":\\"/path/name/integ/test\\"},\\"physicalResourceId\\":{\\"id\\":\\"arn:",
              Object {
                "Ref": "AWS::Partition",
              },
              ":ssm:eu-central-1:",
              Object {
                "Ref": "AWS::AccountId",
              },
              ":parameter/path/name/integ/test\\"}}",
            ],
          ],
        },
        "InstallLatestAwsSdk": true,
        "ServiceToken": Object {
          "Fn::GetAtt": Array [
            "AWS679f53fac002430cb0da5b7982bd22872D164C4C",
            "Arn",
          ],
        },
        "Update": Object {
          "Fn::Join": Array [
            "",
            Array [
              "{\\"region\\":\\"eu-central-1\\",\\"service\\":\\"SSM\\",\\"action\\":\\"putParameter\\",\\"parameters\\":{\\"Name\\":\\"/path/name/integ/test\\",\\"Value\\":\\"Say hello from another region\\",\\"Type\\":\\"String\\",\\"Overwrite\\":true},\\"physicalResourceId\\":{\\"id\\":\\"arn:",
              Object {
                "Ref": "AWS::Partition",
              },
              ":ssm:eu-central-1:",
              Object {
                "Ref": "AWS::AccountId",
              },
              ":parameter/path/name/integ/test\\"}}",
            ],
          ],
        },
      },
      "Type": "Custom::SSM_String_Parameter_Cross_Region",
      "UpdateReplacePolicy": "Delete",
    },
    "PutParameterCustomResourcePolicy3B520E2B": Object {
      "Properties": Object {
        "PolicyDocument": Object {
          "Statement": Array [
            Object {
              "Action": "ssm:PutParameter",
              "Effect": "Allow",
              "Resource": "*",
            },
            Object {
              "Action": "ssm:DeleteParameter",
              "Effect": "Allow",
              "Resource": "*",
            },
          ],
          "Version": "2012-10-17",
        },
        "PolicyName": "PutParameterCustomResourcePolicy3B520E2B",
        "Roles": Array [
          Object {
            "Ref": "AWS679f53fac002430cb0da5b7982bd2287ServiceRoleC1EA0FF2",
          },
        ],
      },
      "Type": "AWS::IAM::Policy",
    },
  },
  "Rules": Object {
    "CheckBootstrapVersion": Object {
      "Assertions": Array [
        Object {
          "Assert": Object {
            "Fn::Not": Array [
              Object {
                "Fn::Contains": Array [
                  Array [
                    "1",
                    "2",
                    "3",
                    "4",
                    "5",
                  ],
                  Object {
                    "Ref": "BootstrapVersion",
                  },
                ],
              },
            ],
          },
          "AssertDescription": "CDK bootstrap stack version 6 required. Please run 'cdk bootstrap' with a recent version of the CDK CLI.",
        },
      ],
    },
  },
}
`;
